A51 MACRO ASSEMBLER  PROJECT1                                                             11/14/2005 11:34:19 PAGE     1


MACRO ASSEMBLER A51 V7.08a
OBJECT MODULE PLACED IN project1.OBJ
ASSEMBLER INVOKED BY: C:\Keil\C51\BIN\A51.EXE project1.a51 NOMOD51 SET(SMALL) DEBUG EP

LOC  OBJ            LINE     SOURCE

                       1     ;AUTHORS: Adrein Seguy and Brent Powers
                       2     ;DATE: NOV 10, 2005
                       3     ;DESCRIPTION: Code for Project 1 of COMPE 213
                       4     ;FILE: project1.a51
                       5     
                       6     
                       7     ;#include <reg932.inc> ;include file to define registers
  00E0          +1     8     ACC         DATA        0xE0
  00F0          +1     9     B           DATA        0xF0
  0081          +1    10     SP          DATA        0x81
  0082          +1    11     DPL         DATA        0x82
  0083          +1    12     DPH         DATA        0x83
  00DF          +1    13     RSTSRC  DATA    0xDF
  0087          +1    14     PCON    DATA    0x87
  00B5          +1    15     PCONA   DATA    0xB5
  00D0          +1    16     PSW         DATA        0xD0
  0095          +1    17     DIVM    DATA    0x95
  0096          +1    18     TRIM    DATA    0x96
  00A2          +1    19     AUXR1   DATA    0xA2
                +1    20     ;------- Bit Addressable -------
  00D7          +1    21     CY          BIT     0xD7
  00D6          +1    22     AC          BIT     0xD6
  00D5          +1    23     F0          BIT     0xD5
  00D4          +1    24     RS1         BIT     0xD4
  00D3          +1    25     RS0         BIT     0xD3
  00D2          +1    26     OV          BIT     0xD2
  00D1          +1    27     F1          BIT     0xD1
  00D0          +1    28     P           BIT     0xD0
  00B1          +1    29     XTAL1   BIT         0xB1
  00B0          +1    30     XTAL2   BIT         0xB0
                +1    31     ;******* Ports *****************
  0080          +1    32     P0          DATA        0x80
  0084          +1    33     P0M1    DATA    0x84
  0085          +1    34     P0M2    DATA    0x85
  00F6          +1    35     PT0AD   DATA    0xF6
  0090          +1    36     P1          DATA        0x90
  0091          +1    37     P1M1    DATA    0x91
  0092          +1    38     P1M2    DATA    0x92
  00A0          +1    39     P2          DATA        0xA0
  00A4          +1    40     P2M1    DATA    0xA4
  00A5          +1    41     P2M2    DATA    0xA5
  00B0          +1    42     P3          DATA        0xB0
  00B1          +1    43     P3M1    DATA    0xB1
  00B2          +1    44     P3M2    DATA    0xB2
                +1    45     ;******* EEPROM ****************
  00F1          +1    46     DEECON  DATA    0xF1
  00F2          +1    47     DEEDAT  DATA    0xF2
  00F3          +1    48     DEEADR  DATA    0xF3
                +1    49     ;******* Keypad ****************
  0086          +1    50     KBMASK  DATA    0x86
  0093          +1    51     KBPATN  DATA    0x93
  0094          +1    52     KBCON   DATA    0x94
                +1    53     ;------- Bit Addressable -------
  0080          +1    54     KB0         BIT     0x80
  0081          +1    55     KB1         BIT     0x81
  0082          +1    56     KB2         BIT     0x82
  0083          +1    57     KB3         BIT     0x83
  0084          +1    58     KB4         BIT     0x84
A51 MACRO ASSEMBLER  PROJECT1                                                             11/14/2005 11:34:19 PAGE     2

  0085          +1    59     KB5         BIT     0x85
  0086          +1    60     KB6         BIT     0x86
  0087          +1    61     KB7         BIT     0x87
                +1    62     ;******* Comparators ***********
  00AC          +1    63     CMP1    DATA    0xAC
  00AD          +1    64     CMP2    DATA    0xAD
                +1    65     ;------- Bit Addressable -------
  0086          +1    66     CMP1O   BIT     0x86
  0085          +1    67     CMPREF  BIT     0x85
  0084          +1    68     CIN1A   BIT     0x84
  0083          +1    69     CIN1B   BIT     0x83
  0082          +1    70     CIN2A   BIT     0x82
  0081          +1    71     CIN2B   BIT     0x81
  0080          +1    72     CMP2O   BIT     0x80
                +1    73     ;******* Serial Port ***********
  0098          +1    74     SCON    DATA    0x98
  0099          +1    75     SBUF    DATA    0x99
  00A9          +1    76     SADDR   DATA    0xA9
  00B9          +1    77     SADEN   DATA    0xB9
  00BA          +1    78     SSTAT   DATA    0xBA
  00BD          +1    79     BRGCON  DATA    0xBD
  00BE          +1    80     BRGR0   DATA    0xBE
  00BF          +1    81     BRGR1   DATA    0xBF
                +1    82     ;------- Bit Addressable -------
  009F          +1    83     FE          BIT     0x9F
  009F          +1    84     SM0         BIT     0x9F
  009E          +1    85     SM1         BIT     0x9E
  009D          +1    86     SM2         BIT     0x9D
  009C          +1    87     REN         BIT     0x9C
  009B          +1    88     TB8         BIT     0x9B
  009A          +1    89     RB8         BIT     0x9A
  0099          +1    90     TI          BIT     0x99
  0098          +1    91     RI          BIT     0x98
  0091          +1    92     RxD         BIT     0x91
  0090          +1    93     TxD         BIT     0x90
                +1    94     ;******* SPI *******************
  00E1          +1    95     SPSTAT  DATA    0xE1
  00E2          +1    96     SPCTL   DATA    0xE2
  00E3          +1    97     SPDAT   DATA    0xE3
                +1    98     ;------- Bit Addressable -------
  00A5          +1    99     SPICLK  BIT         0xA5
  00A4          +1   100     SS          BIT     0xA4
  00A3          +1   101     MISO    BIT         0xA3
  00A2          +1   102     MOSI    BIT         0xA2
                +1   103     ;******* IIC *******************
  00D8          +1   104     I2CON   DATA    0xD8
  00D9          +1   105     I2STAT  DATA    0xD9
  00DA          +1   106     I2DAT   DATA    0xDA
  00DB          +1   107     I2ADR   DATA    0xDB
  00DC          +1   108     I2SCLL  DATA    0xDC
  00DD          +1   109     I2SCLH  DATA    0xDD
                +1   110     ;------ Bit Addressable --------
  00DE          +1   111     I2EN    BIT         0xDE
  00DD          +1   112     STA         BIT     0xDD
  00DC          +1   113     STO         BIT     0xDC
  00DB          +1   114     SI          BIT     0xDB
  00DA          +1   115     AA          BIT     0xDA
  00D8          +1   116     CRSEL   BIT         0xD8
  0093          +1   117     SDA         BIT     0x93
  0092          +1   118     SCL         BIT     0x92
                +1   119     ;******* Timers ****************
  00CA          +1   120     TPCR2L  DATA    0xCA
  00CB          +1   121     TPCR2H  DATA    0xCB
  0088          +1   122     TCON    DATA    0x88
  0089          +1   123     TMOD    DATA    0x89
  008A          +1   124     TL0         DATA        0x8A
A51 MACRO ASSEMBLER  PROJECT1                                                             11/14/2005 11:34:19 PAGE     3

  008C          +1   125     TH0         DATA        0x8C
  008B          +1   126     TL1         DATA        0x8B
  008D          +1   127     TH1         DATA        0x8D
  00CC          +1   128     TL2         DATA        0xCC
  00CD          +1   129     TH2         DATA        0xCD
  008F          +1   130     TAMOD   DATA    0x8F
                +1   131     ;------- Bit Addressable -------
  008F          +1   132     TF1         BIT     0x8F
  008E          +1   133     TR1         BIT     0x8E
  008D          +1   134     TF0         BIT     0x8D
  008C          +1   135     TR0         BIT     0x8C
  008B          +1   136     IE1         BIT     0x8B
  008A          +1   137     IT1         BIT     0x8A
  0089          +1   138     IE0         BIT     0x89
  0088          +1   139     IT0         BIT     0x88
  00CF          +1   140     PLLEN   BIT         0xCF
  00CE          +1   141     HLTRN   BIT         0xCE
  00CD          +1   142     HLTEN   BIT         0xCD
  00CC          +1   143     ALTCD   BIT         0xCC
  00CB          +1   144     ALTAB   BIT         0xCB
  00CA          +1   145     TDIR2   BIT         0xCA
  00C9          +1   146     TMOD21  BIT         0xC9
  00C8          +1   147     TMOD20  BIT         0xC8
  0087          +1   148     T1          BIT     0x87
  0092          +1   149     T0          BIT     0x92
                +1   150     ;******* Capture/Compare Unit **
  00EA          +1   151     CCCRA   DATA    0xEA
  00EB          +1   152     CCCRB   DATA    0xEB
  00EC          +1   153     CCCRC   DATA    0xEC
  00ED          +1   154     CCCRD   DATA    0xED
  00C8          +1   155     TCR20   DATA    0xC8
  00F9          +1   156     TCR21   DATA    0xF9
  00C9          +1   157     TICR2   DATA    0xC9
  00DE          +1   158     TISE2   DATA    0xDE
  00E9          +1   159     TIFR2   DATA    0xE9
  00CE          +1   160     TOR2L   DATA    0xCE
  00CF          +1   161     TOR2H   DATA    0xCF
                +1   162     ;******* Input Capture *********
  00AA          +1   163     ICRAL   DATA    0xAA
  00AB          +1   164     ICRAH   DATA    0xAB
  00AE          +1   165     ICRBL   DATA    0xAE
  00AF          +1   166     ICRBH   DATA    0xAF
                +1   167     ;------- Bit Addressable -------
  00A7          +1   168     ICA         BIT     0xA7
  00A0          +1   169     ICB         BIT     0xA0
                +1   170     ;******* Output Compare ********
  00EE          +1   171     OCRAL   DATA    0xEE
  00EF          +1   172     OCRAH   DATA    0xEF
  00FA          +1   173     OCRBL   DATA    0xFA
  00FB          +1   174     OCRBH   DATA    0xFB
  00FC          +1   175     OCRCL   DATA    0xFC
  00FD          +1   176     OCRCH   DATA    0xFD
  00FE          +1   177     OCRDL   DATA    0xFE
  00FF          +1   178     OCRDH   DATA    0xFF
                +1   179     ;------- Bit Addressable -------
  00A1          +1   180     OCD         BIT     0xA1
  0097          +1   181     OCC         BIT     0x97
  0096          +1   182     OCB         BIT     0x96
  00A6          +1   183     OCA         BIT     0xA6
                +1   184     ;******* Watchdog **************
  00C2          +1   185     WFEED1  DATA    0xC2
  00C3          +1   186     WFEED2  DATA    0xC3
  00C1          +1   187     WDL         DATA        0xC1
  00A7          +1   188     WDCON   DATA    0xA7
                +1   189     ;******* Real Time Clock *******
  00D3          +1   190     RTCL    DATA    0xD3
A51 MACRO ASSEMBLER  PROJECT1                                                             11/14/2005 11:34:19 PAGE     4

  00D2          +1   191     RTCH    DATA    0xD2
  00D1          +1   192     RTCCON  DATA    0xD1
                +1   193     ;******* Interrupts ************
  00A8          +1   194     IEN0    DATA    0xA8
  00E8          +1   195     IEN1    DATA    0xE8
  00B8          +1   196     IP0         DATA        0xB8
  00B7          +1   197     IP0H    DATA    0xB7
  00F8          +1   198     IP1         DATA        0xF8
  00F7          +1   199     IP1H    DATA    0xF7
                +1   200     ;------- Bit Addressable -------
  00AF          +1   201     EA          BIT     0xAF
  00AE          +1   202     EWDRT   BIT         0xAE
  00AD          +1   203     EBO         BIT     0xAD
  00AC          +1   204     ES          BIT     0xAC
  00AC          +1   205     ESR         BIT     0xAC
  00AB          +1   206     ET1         BIT     0xAB
  00AA          +1   207     EX1         BIT     0xAA
  00A9          +1   208     ET0         BIT     0xA9
  00A8          +1   209     EX0         BIT     0xA8
  00EF          +1   210     EIEE    BIT         0xEF
  00EE          +1   211     EST         BIT     0xEE
  00EC          +1   212     ECCU    BIT         0xEC
  00EB          +1   213     ESPI    BIT         0xEB
  00EA          +1   214     EC          BIT     0xEA
  00E9          +1   215     EKBI    BIT         0xE9
  00E8          +1   216     EI2C    BIT         0xE8
  00BE          +1   217     PWDRT   BIT         0xBE
  00BD          +1   218     PB0         BIT     0xBD
  00BC          +1   219     PS          BIT     0xBC
  00BC          +1   220     PSR         BIT     0xBC
  00BB          +1   221     PT1         BIT     0xBB
  00BA          +1   222     PX1         BIT     0xBA
  00B9          +1   223     PT0         BIT     0xB9
  00B8          +1   224     PX0         BIT     0xB8
  00FF          +1   225     PIEE    BIT         0xFF
  00FE          +1   226     PST         BIT     0xFE
  00FC          +1   227     PCCU    BIT         0xFC
  00FB          +1   228     PSPI    BIT         0xFB
  00FA          +1   229     PCL     BIT         0xFA
  00F9          +1   230     PKBI    BIT         0xF9
  00F8          +1   231     PI2C    BIT         0xF8
  0095          +1   232     RST         BIT     0x95
  0094          +1   233     INT1    BIT         0x94
  0093          +1   234     INT0    BIT         0x93
                +1   235     
                +1   236     
                +1   237     
                +1   238     
                +1   239     
                +1   240     
                +1   241     
                +1   242     
                +1   243     
                +1   244     
                +1   245     
                +1   246     
                +1   247     
                +1   248     
                +1   249     
                     250     
                     251     
                     252     
0000 758400          253             MOV P0M1, #00H  ;Set the port modes to push-pull (standard 8051 I/O configuration)
0003 7585FF          254             MOV P0M2, #0FFH  ;Set the port modes to push-pull (standard 8051 I/O configuration)
0006 D280            255             SETB P0.0   ;Set switch pin as an input pin
0008 D281            256             SETB P0.1   ;Make sure the light is set to off
A51 MACRO ASSEMBLER  PROJECT1                                                             11/14/2005 11:34:19 PAGE     5

000A C282            257             CLR P0.2     ; Make sure that the Buzzer is off
000C 758910          258             MOV TMOD, #10H  ;Set timer to the correct mode
000F 7800            259             MOV R0, #00H    ;Initialize button press counter
0011 7900            260             MOV R1, #00H    ;Initialize timer counter
                     261     
0013 2080FD          262     button: JB P0.0, button  ;Checks to see if button is pressed, loops until pressed
0016 8000            263             SJMP check
                     264     
0018 758BF0          265     check:  MOV TL1, #0F0H    ;Delay sequence, generating a delays of a few milliseconds
001B 758DD8          266             MOV TH1, #0D8H
001E D28E            267             SETB TR1
0020 8000            268             SJMP again
                     269     
0022 308FFD          270     again:  JNB TF1, again   ;counter running
0025 09              271             INC R1          ;increment timer counter
0026 C28E            272             CLR TR1         ;reset counter
0028 C28F            273             CLR TF1         ;clear timmer overflow flag
002A B977EB          274             CJNE R1,#077H,check ;jump is the counter has ran 77H times
002D 3080E3          275             JNB P0.0, button   ;jump if button released
0030 08              276             INC R0          ;number of button presses
0031 7900            277             MOV R1,#00H     ;reset the counter timer
0033 D282            278             SETB P0.2       ;turn buzzer on
0035 D28E            279     buzzcounter:SETB TR1    ;start timer for buzzer 
                     280             
0037 308FFD          281     buzzer: JNB TF1, buzzer    ;run buzzer for counter
003A 09              282             inc R1          ;increaes timer counter
003B C28E            283             CLR TR1         ;reset counter
003D C28F            284             CLR TF1 ;clear timmer overflow flag
003F B90FF3          285             CJNE R1,#0FH,buzzcounter  ;run until timer counter has reached 0FH
0042 C282            286             CLR P0.2     ;turn the buzzer off
0044 8000            287             SJMP light1a
                     288     
0046 B8010B          289     light1a: CJNE R0,#01h,light2a ;enter loop if one button press
0049 C281            290     light1b: CLR P0.1       ;
004B D281            291              SETB P0.1      ;Sequence to provide 3 machine cycles with light off and one on 
004D 2080F9          292              JB P0.0, light1b       ; stop sequence once button is pressed again
0050 D281            293              SETB P0.1              ;turn light off
0052 80BF            294              SJMP button            ;just to the software debounce
                     295             
0054 B8020D          296     light2a: CJNE R0,#02h,light3a   ;enter loop if two button press
0057 D281            297     light2b: SETB P0.1
0059 00              298              NOP            ;Sequence to provide 3 machine cycles with light off and 3 on
005A 00              299              NOP
005B C281            300              CLR P0.1
005D 2080F7          301              JB P0.0, light2b       ; stop sequence once button is pressed again
0060 D281            302              SETB P0.1      ;turn light off
0062 80AF            303              SJMP button            ;just to the software debounce
                     304     
0064 B8030B          305     light3a: CJNE R0,#03h,light4a   ;enter loop if three button press
0067 D281            306     light3b: SETB P0.1      ;Sequence to provide 1 machine cycles with light off and 3 on
0069 C281            307              CLR P0.1
006B 2080F9          308              JB P0.0, light3b       ; stop sequence once button is pressed again
006E D281            309              SETB P0.1      ;turn light off
0070 80A1            310              SJMP button
                     311     
0072 B80409          312     light4a: CJNE R0,#04h,light5    ;enter loop if four button press
0075 C281            313     light4b: CLR P0.1       ;Sequence to set the light on
0077 2080FB          314              JB P0.0, light4b       ; stop sequence once button is pressed again
007A D281            315              SETB P0.1      ;turn light off
007C 8095            316              SJMP button
                     317     
007E D281            318     light5:  SETB P0.1      ;enter loop if five button press ;turn light off
0080 7800            319              MOV R0,#00h    ;reset number of button presses to zero
0082 2080F9          320              JB P0.0, light5  ;wait for button and jump again
0085 808C            321              SJMP button
                     322     
A51 MACRO ASSEMBLER  PROJECT1                                                             11/14/2005 11:34:19 PAGE     6

                     323     END
A51 MACRO ASSEMBLER  PROJECT1                                                             11/14/2005 11:34:19 PAGE     7

SYMBOL TABLE LISTING
------ ----- -------


N A M E             T Y P E  V A L U E   ATTRIBUTES

AA . . . . . . . .  B ADDR   00D8H.2 A   
AC . . . . . . . .  B ADDR   00D0H.6 A   
ACC. . . . . . . .  D ADDR   00E0H   A   
AGAIN. . . . . . .  C ADDR   0022H   A   
ALTAB. . . . . . .  B ADDR   00C8H.3 A   
ALTCD. . . . . . .  B ADDR   00C8H.4 A   
AUXR1. . . . . . .  D ADDR   00A2H   A   
B. . . . . . . . .  D ADDR   00F0H   A   
BRGCON . . . . . .  D ADDR   00BDH   A   
BRGR0. . . . . . .  D ADDR   00BEH   A   
BRGR1. . . . . . .  D ADDR   00BFH   A   
BUTTON . . . . . .  C ADDR   0013H   A   
BUZZCOUNTER. . . .  C ADDR   0035H   A   
BUZZER . . . . . .  C ADDR   0037H   A   
CCCRA. . . . . . .  D ADDR   00EAH   A   
CCCRB. . . . . . .  D ADDR   00EBH   A   
CCCRC. . . . . . .  D ADDR   00ECH   A   
CCCRD. . . . . . .  D ADDR   00EDH   A   
CHECK. . . . . . .  C ADDR   0018H   A   
CIN1A. . . . . . .  B ADDR   0080H.4 A   
CIN1B. . . . . . .  B ADDR   0080H.3 A   
CIN2A. . . . . . .  B ADDR   0080H.2 A   
CIN2B. . . . . . .  B ADDR   0080H.1 A   
CMP1 . . . . . . .  D ADDR   00ACH   A   
CMP1O. . . . . . .  B ADDR   0080H.6 A   
CMP2 . . . . . . .  D ADDR   00ADH   A   
CMP2O. . . . . . .  B ADDR   0080H.0 A   
CMPREF . . . . . .  B ADDR   0080H.5 A   
CRSEL. . . . . . .  B ADDR   00D8H.0 A   
CY . . . . . . . .  B ADDR   00D0H.7 A   
DEEADR . . . . . .  D ADDR   00F3H   A   
DEECON . . . . . .  D ADDR   00F1H   A   
DEEDAT . . . . . .  D ADDR   00F2H   A   
DIVM . . . . . . .  D ADDR   0095H   A   
DPH. . . . . . . .  D ADDR   0083H   A   
DPL. . . . . . . .  D ADDR   0082H   A   
EA . . . . . . . .  B ADDR   00A8H.7 A   
EBO. . . . . . . .  B ADDR   00A8H.5 A   
EC . . . . . . . .  B ADDR   00E8H.2 A   
ECCU . . . . . . .  B ADDR   00E8H.4 A   
EI2C . . . . . . .  B ADDR   00E8H.0 A   
EIEE . . . . . . .  B ADDR   00E8H.7 A   
EKBI . . . . . . .  B ADDR   00E8H.1 A   
ES . . . . . . . .  B ADDR   00A8H.4 A   
ESPI . . . . . . .  B ADDR   00E8H.3 A   
ESR. . . . . . . .  B ADDR   00A8H.4 A   
EST. . . . . . . .  B ADDR   00E8H.6 A   
ET0. . . . . . . .  B ADDR   00A8H.1 A   
ET1. . . . . . . .  B ADDR   00A8H.3 A   
EWDRT. . . . . . .  B ADDR   00A8H.6 A   
EX0. . . . . . . .  B ADDR   00A8H.0 A   
EX1. . . . . . . .  B ADDR   00A8H.2 A   
F0 . . . . . . . .  B ADDR   00D0H.5 A   
F1 . . . . . . . .  B ADDR   00D0H.1 A   
FE . . . . . . . .  B ADDR   0098H.7 A   
HLTEN. . . . . . .  B ADDR   00C8H.5 A   
HLTRN. . . . . . .  B ADDR   00C8H.6 A   
I2ADR. . . . . . .  D ADDR   00DBH   A   
I2CON. . . . . . .  D ADDR   00D8H   A   
I2DAT. . . . . . .  D ADDR   00DAH   A   
A51 MACRO ASSEMBLER  PROJECT1                                                             11/14/2005 11:34:19 PAGE     8

I2EN . . . . . . .  B ADDR   00D8H.6 A   
I2SCLH . . . . . .  D ADDR   00DDH   A   
I2SCLL . . . . . .  D ADDR   00DCH   A   
I2STAT . . . . . .  D ADDR   00D9H   A   
ICA. . . . . . . .  B ADDR   00A0H.7 A   
ICB. . . . . . . .  B ADDR   00A0H.0 A   
ICRAH. . . . . . .  D ADDR   00ABH   A   
ICRAL. . . . . . .  D ADDR   00AAH   A   
ICRBH. . . . . . .  D ADDR   00AFH   A   
ICRBL. . . . . . .  D ADDR   00AEH   A   
IE0. . . . . . . .  B ADDR   0088H.1 A   
IE1. . . . . . . .  B ADDR   0088H.3 A   
IEN0 . . . . . . .  D ADDR   00A8H   A   
IEN1 . . . . . . .  D ADDR   00E8H   A   
INT0 . . . . . . .  B ADDR   0090H.3 A   
INT1 . . . . . . .  B ADDR   0090H.4 A   
IP0. . . . . . . .  D ADDR   00B8H   A   
IP0H . . . . . . .  D ADDR   00B7H   A   
IP1. . . . . . . .  D ADDR   00F8H   A   
IP1H . . . . . . .  D ADDR   00F7H   A   
IT0. . . . . . . .  B ADDR   0088H.0 A   
IT1. . . . . . . .  B ADDR   0088H.2 A   
KB0. . . . . . . .  B ADDR   0080H.0 A   
KB1. . . . . . . .  B ADDR   0080H.1 A   
KB2. . . . . . . .  B ADDR   0080H.2 A   
KB3. . . . . . . .  B ADDR   0080H.3 A   
KB4. . . . . . . .  B ADDR   0080H.4 A   
KB5. . . . . . . .  B ADDR   0080H.5 A   
KB6. . . . . . . .  B ADDR   0080H.6 A   
KB7. . . . . . . .  B ADDR   0080H.7 A   
KBCON. . . . . . .  D ADDR   0094H   A   
KBMASK . . . . . .  D ADDR   0086H   A   
KBPATN . . . . . .  D ADDR   0093H   A   
LIGHT1A. . . . . .  C ADDR   0046H   A   
LIGHT1B. . . . . .  C ADDR   0049H   A   
LIGHT2A. . . . . .  C ADDR   0054H   A   
LIGHT2B. . . . . .  C ADDR   0057H   A   
LIGHT3A. . . . . .  C ADDR   0064H   A   
LIGHT3B. . . . . .  C ADDR   0067H   A   
LIGHT4A. . . . . .  C ADDR   0072H   A   
LIGHT4B. . . . . .  C ADDR   0075H   A   
LIGHT5 . . . . . .  C ADDR   007EH   A   
MISO . . . . . . .  B ADDR   00A0H.3 A   
MOSI . . . . . . .  B ADDR   00A0H.2 A   
OCA. . . . . . . .  B ADDR   00A0H.6 A   
OCB. . . . . . . .  B ADDR   0090H.6 A   
OCC. . . . . . . .  B ADDR   0090H.7 A   
OCD. . . . . . . .  B ADDR   00A0H.1 A   
OCRAH. . . . . . .  D ADDR   00EFH   A   
OCRAL. . . . . . .  D ADDR   00EEH   A   
OCRBH. . . . . . .  D ADDR   00FBH   A   
OCRBL. . . . . . .  D ADDR   00FAH   A   
OCRCH. . . . . . .  D ADDR   00FDH   A   
OCRCL. . . . . . .  D ADDR   00FCH   A   
OCRDH. . . . . . .  D ADDR   00FFH   A   
OCRDL. . . . . . .  D ADDR   00FEH   A   
OV . . . . . . . .  B ADDR   00D0H.2 A   
P. . . . . . . . .  B ADDR   00D0H.0 A   
P0 . . . . . . . .  D ADDR   0080H   A   
P0M1 . . . . . . .  D ADDR   0084H   A   
P0M2 . . . . . . .  D ADDR   0085H   A   
P1 . . . . . . . .  D ADDR   0090H   A   
P1M1 . . . . . . .  D ADDR   0091H   A   
P1M2 . . . . . . .  D ADDR   0092H   A   
P2 . . . . . . . .  D ADDR   00A0H   A   
P2M1 . . . . . . .  D ADDR   00A4H   A   
A51 MACRO ASSEMBLER  PROJECT1                                                             11/14/2005 11:34:19 PAGE     9

P2M2 . . . . . . .  D ADDR   00A5H   A   
P3 . . . . . . . .  D ADDR   00B0H   A   
P3M1 . . . . . . .  D ADDR   00B1H   A   
P3M2 . . . . . . .  D ADDR   00B2H   A   
PB0. . . . . . . .  B ADDR   00B8H.5 A   
PCCU . . . . . . .  B ADDR   00F8H.4 A   
PCL. . . . . . . .  B ADDR   00F8H.2 A   
PCON . . . . . . .  D ADDR   0087H   A   
PCONA. . . . . . .  D ADDR   00B5H   A   
PI2C . . . . . . .  B ADDR   00F8H.0 A   
PIEE . . . . . . .  B ADDR   00F8H.7 A   
PKBI . . . . . . .  B ADDR   00F8H.1 A   
PLLEN. . . . . . .  B ADDR   00C8H.7 A   
PS . . . . . . . .  B ADDR   00B8H.4 A   
PSPI . . . . . . .  B ADDR   00F8H.3 A   
PSR. . . . . . . .  B ADDR   00B8H.4 A   
PST. . . . . . . .  B ADDR   00F8H.6 A   
PSW. . . . . . . .  D ADDR   00D0H   A   
PT0. . . . . . . .  B ADDR   00B8H.1 A   
PT0AD. . . . . . .  D ADDR   00F6H   A   
PT1. . . . . . . .  B ADDR   00B8H.3 A   
PWDRT. . . . . . .  B ADDR   00B8H.6 A   
PX0. . . . . . . .  B ADDR   00B8H.0 A   
PX1. . . . . . . .  B ADDR   00B8H.2 A   
RB8. . . . . . . .  B ADDR   0098H.2 A   
REN. . . . . . . .  B ADDR   0098H.4 A   
RI . . . . . . . .  B ADDR   0098H.0 A   
RS0. . . . . . . .  B ADDR   00D0H.3 A   
RS1. . . . . . . .  B ADDR   00D0H.4 A   
RST. . . . . . . .  B ADDR   0090H.5 A   
RSTSRC . . . . . .  D ADDR   00DFH   A   
RTCCON . . . . . .  D ADDR   00D1H   A   
RTCH . . . . . . .  D ADDR   00D2H   A   
RTCL . . . . . . .  D ADDR   00D3H   A   
RXD. . . . . . . .  B ADDR   0090H.1 A   
SADDR. . . . . . .  D ADDR   00A9H   A   
SADEN. . . . . . .  D ADDR   00B9H   A   
SBUF . . . . . . .  D ADDR   0099H   A   
SCL. . . . . . . .  B ADDR   0090H.2 A   
SCON . . . . . . .  D ADDR   0098H   A   
SDA. . . . . . . .  B ADDR   0090H.3 A   
SI . . . . . . . .  B ADDR   00D8H.3 A   
SM0. . . . . . . .  B ADDR   0098H.7 A   
SM1. . . . . . . .  B ADDR   0098H.6 A   
SM2. . . . . . . .  B ADDR   0098H.5 A   
SP . . . . . . . .  D ADDR   0081H   A   
SPCTL. . . . . . .  D ADDR   00E2H   A   
SPDAT. . . . . . .  D ADDR   00E3H   A   
SPICLK . . . . . .  B ADDR   00A0H.5 A   
SPSTAT . . . . . .  D ADDR   00E1H   A   
SS . . . . . . . .  B ADDR   00A0H.4 A   
SSTAT. . . . . . .  D ADDR   00BAH   A   
STA. . . . . . . .  B ADDR   00D8H.5 A   
STO. . . . . . . .  B ADDR   00D8H.4 A   
T0 . . . . . . . .  B ADDR   0090H.2 A   
T1 . . . . . . . .  B ADDR   0080H.7 A   
TAMOD. . . . . . .  D ADDR   008FH   A   
TB8. . . . . . . .  B ADDR   0098H.3 A   
TCON . . . . . . .  D ADDR   0088H   A   
TCR20. . . . . . .  D ADDR   00C8H   A   
TCR21. . . . . . .  D ADDR   00F9H   A   
TDIR2. . . . . . .  B ADDR   00C8H.2 A   
TF0. . . . . . . .  B ADDR   0088H.5 A   
TF1. . . . . . . .  B ADDR   0088H.7 A   
TH0. . . . . . . .  D ADDR   008CH   A   
TH1. . . . . . . .  D ADDR   008DH   A   
A51 MACRO ASSEMBLER  PROJECT1                                                             11/14/2005 11:34:19 PAGE    10

TH2. . . . . . . .  D ADDR   00CDH   A   
TI . . . . . . . .  B ADDR   0098H.1 A   
TICR2. . . . . . .  D ADDR   00C9H   A   
TIFR2. . . . . . .  D ADDR   00E9H   A   
TISE2. . . . . . .  D ADDR   00DEH   A   
TL0. . . . . . . .  D ADDR   008AH   A   
TL1. . . . . . . .  D ADDR   008BH   A   
TL2. . . . . . . .  D ADDR   00CCH   A   
TMOD . . . . . . .  D ADDR   0089H   A   
TMOD20 . . . . . .  B ADDR   00C8H.0 A   
TMOD21 . . . . . .  B ADDR   00C8H.1 A   
TOR2H. . . . . . .  D ADDR   00CFH   A   
TOR2L. . . . . . .  D ADDR   00CEH   A   
TPCR2H . . . . . .  D ADDR   00CBH   A   
TPCR2L . . . . . .  D ADDR   00CAH   A   
TR0. . . . . . . .  B ADDR   0088H.4 A   
TR1. . . . . . . .  B ADDR   0088H.6 A   
TRIM . . . . . . .  D ADDR   0096H   A   
TXD. . . . . . . .  B ADDR   0090H.0 A   
WDCON. . . . . . .  D ADDR   00A7H   A   
WDL. . . . . . . .  D ADDR   00C1H   A   
WFEED1 . . . . . .  D ADDR   00C2H   A   
WFEED2 . . . . . .  D ADDR   00C3H   A   
XTAL1. . . . . . .  B ADDR   00B0H.1 A   
XTAL2. . . . . . .  B ADDR   00B0H.0 A   


REGISTER BANK(S) USED: 0 


ASSEMBLY COMPLETE.  0 WARNING(S), 0 ERROR(S)
